{
    "mimeType": "image/png",
    "filesize": 285
}