"UUID","FrameNumber","vertex_2d_0_x","vertex_2d_0_y","vertex_2d_1_x","vertex_2d_1_y","vertex_2d_2_x","vertex_2d_2_y","vertex_2d_3_x","vertex_2d_3_y","vertex_2d_4_x","vertex_2d_4_y","vertex_2d_5_x","vertex_2d_5_y","vertex_2d_6_x","vertex_2d_6_y","vertex_2d_7_x","vertex_2d_7_y","vertex_3d_0_x","vertex_3d_0_y","vertex_3d_0_z","vertex_3d_1_x","vertex_3d_1_y","vertex_3d_1_z","vertex_3d_2_x","vertex_3d_2_y","vertex_3d_2_z","vertex_3d_3_x","vertex_3d_3_y","vertex_3d_3_z","vertex_3d_4_x","vertex_3d_4_y","vertex_3d_4_z","vertex_3d_5_x","vertex_3d_5_y","vertex_3d_5_z","vertex_3d_6_x","vertex_3d_6_y","vertex_3d_6_z","vertex_3d_7_x","vertex_3d_7_y","vertex_3d_7_z","occlusion","truncation","direction"
"0735702d52300b44aea6a35ad00564c4","23","140.8722","382.3425","517.5479","384.0828","517.9037","574.9874","144.2484","569.0727","195.9259","372.4005","523.2345","373.5321","523.4643","538.8775","198.154","535.0012","5.2135","2.2957","1","5.2135","0.2957","1","5.2135","0.2957","0","5.2135","2.2957","0","6.2135","2.2957","1","6.2135","0.2957","1","6.2135","0.2957","0","6.2135","2.2957","0","occlusion-0","truncation-0","direction-back"
"0735702d52300b44aea6a35ad00564c4","45","140.8722","382.3425","517.5479","384.0828","517.9037","574.9874","144.2484","569.0727","195.9259","372.4005","523.2345","373.5321","523.4643","538.8775","198.154","535.0012","5.2135","2.2957","1","5.2135","0.2957","1","5.2135","0.2957","0","5.2135","2.2957","0","6.2135","2.2957","1","6.2135","0.2957","1","6.2135","0.2957","0","6.2135","2.2957","0","occlusion-0","truncation-0","direction-back"