"UUID","FrameNumber","occlusion","truncation","direction"
"0735702d52300b44aea6a35ad00573f0","23","occlusion-3","truncation-3","direction-front-right"
"0735702d52300b44aea6a35ad00573f1","45","occlusion-3","truncation-3","direction-front-right"