"UUID","FrameNumber","Polygon","occlusion","truncation","direction"
"0735702d52300b44aea6a35ad00564c4","23","148,144;248,244;348,344","occlusion-0","truncation-0","direction-back"
"0735702d52300b44aea6a35ad00564c4","45","448,444;548,544;648,644","occlusion-0","truncation-0","direction-back"