"UUID","FrameNumber","position_x","position_y","width","height","occlusion","truncation","direction"
"0735702d52300b44aea6a35ad00564c4","23","148","144","234","191","occlusion-0","truncation-0","direction-back"
"0735702d52300b44aea6a35ad00564c4","45","148","144","234","191","occlusion-0","truncation-0","direction-back"