<?xml version="1.0" encoding="UTF-8"?>
<export xmlns="http://weblabel.hella-aglaia.com/schema/export">
  <metadata>
    <annostation>
      <hostname></hostname>
      <build>0</build>
    </annostation>
    <project id="" name="project-id-1">
      <phase>todo</phase>
      <description/>
      <creation-date>2017-01-20T16:00:00+00:00</creation-date>
      <created-by-user username="label_manager" email=""/>
      <due-date/>
      <frame-skip>1</frame-skip>
      <start-frame>0</start-frame>
      <split-each>0</split-each>
    </project>
    <export id="">
      <creation-date>2017-01-20T16:00:00+00:00</creation-date>
      <created-by-user username="label_manager" email=""/>
    </export>
    <requirements id="" name="testconfig" filename="testconfig.labelconfiguration.xml">
      <sha256>aec55d7ade1c1bc59b82bd995deacdcdd3dbe90549f02ee9d3080e1c48221893</sha256>
    </requirements>
    <additional-frame-number-mapping id="" filename="labeling-video.frame-index.csv">
      <sha256>33ffd1aa3fe909d336abfcae533eeb93d57e53357a736b6b53872405fbd6dc6f</sha256>
    </additional-frame-number-mapping>
  </metadata>
  <video id="e363906c1c4a5a5bd01e8902467d4b0e" filename="labeling-video">
    <frame-labeling incomplete="true">
      <references>
        <task id=""/>
      </references>
      <value id="sun" class="weather" start="1" end="25"/>
      <value id="summer" class="season" start="1" end="100"/>
      <value id="rain" class="weather" start="26" end="50"/>
      <value id="thunderstorm" class="weather" start="51" end="75"/>
      <value id="sun" class="weather" start="76" end="100"/>
    </frame-labeling>
    <group id="" start="1" end="21" type="sign" line-color="1" incomplete="true">
      <value id="sign" class="spain" start="2" end="15"/>
      <value id="sign" class="foo1" start="2" end="10"/>
      <value id="sign" class="foo2" start="11" end="15"/>
      <value id="sign" class="foo3" start="16" end="21"/>
      <value id="sign" class="foo4" start="16" end="21"/>
    </group>
    <thing id="e363906c1c4a5a5bd01e8902467d1426" start="1" end="100" line-color="1" type="fooobar" incomplete="true">
      <references>
        <task id=""/>
      </references>
      <shape id="3659ecca-7c2b-440b-8dfa-38426c7969b6" start="2" end="5">
        <cuboid>
          <top-left-front x="10" y="1" z="1"/>
          <top-right-front x="10" y="-1" z="1"/>
          <bottom-right-front x="10" y="-1" z="0"/>
          <bottom-left-front x="10" y="1" z="0"/>
          <top-left-back x="11" y="1" z="1"/>
          <top-right-back x="11" y="-1" z="1"/>
          <bottom-right-back x="11" y="-1" z="0"/>
          <bottom-left-back x="11" y="1" z="0"/>
          <image-top-left-front x="458.1858" y="350.7308"/>
          <image-top-right-front x="677.7297" y="350.7089"/>
          <image-bottom-right-front x="677.3999" y="460.0614"/>
          <image-bottom-left-front x="458.4672" y="460.1372"/>
          <image-top-left-back x="466.5114" y="347.1099"/>
          <image-top-right-back x="667.9696" y="347.093"/>
          <image-bottom-right-back x="667.7146" y="447.5025"/>
          <image-bottom-left-back x="466.7289" y="447.5612"/>
        </cuboid>
      </shape>
      <shape id="3659ecca-7c2b-440b-8dfa-38426c7969b6" start="6" end="12">
        <cuboid>
          <top-left-front x="11.0342" y="1.071" z="1"/>
          <top-right-front x="11.0342" y="-0.929" z="1"/>
          <bottom-right-front x="11.0342" y="-0.929" z="0"/>
          <bottom-left-front x="11.0342" y="1.071" z="0"/>
          <top-left-back x="12.0342" y="1.071" z="1"/>
          <top-right-back x="12.0342" y="-0.929" z="1"/>
          <bottom-right-back x="12.0342" y="-0.929" z="0"/>
          <bottom-left-back x="12.0342" y="1.071" z="0"/>
          <image-top-left-front x="459.6602" y="346.9894"/>
          <image-top-right-front x="660.5571" y="346.9875"/>
          <image-bottom-right-front x="660.3206" y="447.136"/>
          <image-bottom-left-front x="459.8924" y="447.1425"/>
          <image-top-left-back x="467.219" y="343.9374"/>
          <image-top-right-back x="652.8613" y="343.9359"/>
          <image-bottom-right-back x="652.6746" y="436.5242"/>
          <image-bottom-left-back x="467.4024" y="436.5294"/>
        </cuboid>
      </shape>
      <value id="u-turn" class="sign-type" start="2" end="6"/>
      <value id="germany" class="country" start="2" end="3"/>
      <value id="spain" class="country" start="4" end="6"/>
      <value id="u-turn" class="sign-type" start="12" end="12"/>
      <value id="germany" class="country" start="12" end="12"/>
    </thing>
    <thing id="e363906c1c4a5a5bd01e890246819813" start="1" end="1" line-color="1" type="fooobar" incomplete="true">
      <references>
        <task id=""/>
        <group ref=""/>
      </references>
      <shape id="3659ecca-7c2b-440b-8dfa-38426c7969b7" start="1" end="1">
        <rectangle>
          <top-left x="1" y="2"/>
          <bottom-right x="3" y="4"/>
        </rectangle>
      </shape>
      <value id="u-turn" class="sign-type" start="1" end="1"/>
      <value id="spain" class="country" start="1" end="1"/>
    </thing>
    <thing id="e363906c1c4a5a5bd01e89024681a191" start="1" end="21" line-color="1" type="fooobar" incomplete="true">
      <references>
        <task id=""/>
        <group ref=""/>
      </references>
      <shape id="3659ecca-7c2b-440b-8dfa-38426c7969b7" start="2" end="21">
        <rectangle>
          <top-left x="1" y="2"/>
          <bottom-right x="3" y="4"/>
        </rectangle>
      </shape>
      <value id="u-turn" class="sign-type" start="2" end="21"/>
      <value id="spain" class="country" start="2" end="21"/>
    </thing>
    <thing id="e363906c1c4a5a5bd01e89024681abcd" start="2" end="2" line-color="1" type="fooobar" incomplete="true">
      <references>
        <task id=""/>
      </references>
      <shape id="3659ecca-7c2b-440b-8dfa-38426c79abcd" start="2" end="2">
        <polygon>
          <point x="100" y="100"/>
          <point x="200" y="200"/>
        </polygon>
      </shape>
      <value id="lane-yes" class="is-lane" start="2" end="2"/>
    </thing>
    <thing id="e363906c1c4a5a5bd01e89024681abce" start="2" end="2" line-color="1" type="fooobar" incomplete="true">
      <references>
        <task id=""/>
      </references>
      <shape id="3659ecca-7c2b-440b-8dfa-38426c79abce" start="2" end="2">
        <polyline>
          <point x="135" y="235"/>
          <point x="631" y="835"/>
        </polyline>
      </shape>
      <value id="lane-open-no" class="is-lane-open" start="2" end="2"/>
    </thing>
    <thing id="e363906c1c4a5a5bd01e89024681abcf" start="2" end="2" line-color="1" type="fooobar" incomplete="true">
      <references>
        <task id=""/>
      </references>
      <shape id="3659ecca-7c2b-440b-8dfa-38426c79abcf" start="2" end="2">
        <point>
          <center x="624" y="321"/>
        </point>
      </shape>
      <value id="lightsource-yes" class="is-lightsource" start="2" end="2"/>
    </thing>
    <thing id="e363906c1c4a5a5bd01easdasdasdasdasd" start="2" end="2" line-color="1" type="fooobar" incomplete="true">
      <references>
        <task id=""/>
      </references>
      <shape id="3659ecca-7c2b-440b-8dfa-38426cyxcyxc" start="2" end="2">
        <pedestrian>
          <top-center x="100" y="0"/>
          <top-left x="29" y="0"/>
          <bottom-center x="100" y="347"/>
          <bottom-right x="171" y="347"/>
          <aspect-ratio>0.41</aspect-ratio>
        </pedestrian>
      </shape>
      <value id="hat-yes" class="has-hat" start="2" end="2"/>
    </thing>
  </video>
</export>
